2025-07-05 14:46:07.587: [INFO][Sync] Reset engine, reason: 8
2025-07-05 14:46:07.587: [INFO][Sync] Stopped: Bookmarks
2025-07-05 14:46:07.587: [INFO][Sync] Stopped: Preferences
2025-07-05 14:46:07.587: [INFO][Sync] Stopped: Passwords
2025-07-05 14:46:07.587: [INFO][Sync] Stopped: Autofill Profiles
2025-07-05 14:46:07.587: [INFO][Sync] Stopped: Autofill
2025-07-05 14:46:07.587: [INFO][Sync] Stopped: Extensions
2025-07-05 14:46:07.587: [INFO][Sync] Stopped: Sessions
2025-07-05 14:46:07.587: [INFO][Sync] Stopped: Extension settings
2025-07-05 14:46:07.587: [INFO][Sync] Stopped: History Delete Directives
2025-07-05 14:46:07.587: [INFO][Sync] Stopped: Device Info
2025-07-05 14:46:07.587: [INFO][Sync] Stopped: User Consents
2025-07-05 14:46:07.587: [INFO][Sync] Stopped: Send Tab To Self
2025-07-05 14:46:07.587: [INFO][Sync] Stopped: Web Apps
2025-07-05 14:46:07.587: [INFO][Sync] Stopped: History
2025-07-05 14:46:07.588: [INFO][Sync] Stopped: Saved Tab Group
2025-07-05 14:46:07.588: [INFO][Sync] Stopped: WebAuthn Credentials
2025-07-05 14:46:07.588: [INFO][Sync] Stopped: Collection
2025-07-05 14:46:07.588: [INFO][Sync] Stopped: Edge E Drop
2025-07-05 14:46:07.588: [INFO][Sync] Stopped: Edge Hub App Usage
2025-07-05 14:46:07.588: [INFO][Sync] Stopped: Edge Wallet
2025-07-05 14:46:07.588: [INFO][Sync] SyncState after authenticated was: NotSignedIn
2025-07-05 14:46:08.122: [INFO][Sync] Reset engine, reason: 8
2025-07-05 14:46:08.122: [INFO][Sync] Stopped: Bookmarks
2025-07-05 14:46:08.122: [INFO][Sync] Stopped: Preferences
2025-07-05 14:46:08.122: [INFO][Sync] Stopped: Passwords
2025-07-05 14:46:08.122: [INFO][Sync] Stopped: Autofill Profiles
2025-07-05 14:46:08.122: [INFO][Sync] Stopped: Autofill
2025-07-05 14:46:08.122: [INFO][Sync] Stopped: Extensions
2025-07-05 14:46:08.122: [INFO][Sync] Stopped: Sessions
2025-07-05 14:46:08.122: [INFO][Sync] Stopped: Extension settings
2025-07-05 14:46:08.122: [INFO][Sync] Stopped: History Delete Directives
2025-07-05 14:46:08.122: [INFO][Sync] Stopped: Device Info
2025-07-05 14:46:08.122: [INFO][Sync] Stopped: User Consents
2025-07-05 14:46:08.122: [INFO][Sync] Stopped: Send Tab To Self
2025-07-05 14:46:08.122: [INFO][Sync] Stopped: Web Apps
2025-07-05 14:46:08.122: [INFO][Sync] Stopped: History
2025-07-05 14:46:08.122: [INFO][Sync] Stopped: Saved Tab Group
2025-07-05 14:46:08.122: [INFO][Sync] Stopped: WebAuthn Credentials
2025-07-05 14:46:08.122: [INFO][Sync] Stopped: Collection
2025-07-05 14:46:08.122: [INFO][Sync] Stopped: Edge E Drop
2025-07-05 14:46:08.122: [INFO][Sync] Stopped: Edge Hub App Usage
2025-07-05 14:46:08.122: [INFO][Sync] Stopped: Edge Wallet
2025-07-05 15:20:46.729: [INFO][Sync] Reset engine, reason: 0
